2026-07-28T19:38:26 | ERROR    | CloudVulnEngine | Unhandled exception on GET /: 'MutableHeaders' object has no attribute 'pop'
Traceback (most recent call last):
  File "C:\Users\Ananthapriyan M\AppData\Local\Programs\Python\Python314\Lib\site-packages\starlette\middleware\errors.py", line 164, in __call__
    await self.app(scope, receive, _send)
  File "C:\Users\Ananthapriyan M\AppData\Local\Programs\Python\Python314\Lib\site-packages\starlette\middleware\base.py", line 193, in __call__
    response = await self.dispatch_func(request, call_next)
               ^^^^^^^^^^^^^^^^^^^^^^^^^^^^^^^^^^^^^^^^^^^^
  File "C:\Users\Ananthapriyan M\Downloads\cloudvuln\backend\main.py", line 151, in security_middleware
    response.headers.pop("server", None)
    ^^^^^^^^^^^^^^^^^^^^
AttributeError: 'MutableHeaders' object has no attribute 'pop'
2026-07-28T19:39:14 | INFO     | CloudVulnEngine | [bf9807b5] GET / | status=200 | ip=testclient | 1.33ms
2026-07-28T19:39:14 | INFO     | httpx | HTTP Request: GET http://testserver/ "HTTP/1.1 200 OK"
2026-07-28T19:39:14 | INFO     | CloudVulnEngine | [4112d28c] GET /api/health | status=200 | ip=testclient | 2.2ms
2026-07-28T19:39:14 | INFO     | httpx | HTTP Request: GET http://testserver/api/health "HTTP/1.1 200 OK"
2026-07-28T19:39:14 | INFO     | CloudVulnEngine | [d6b0fc70] GET /api/dashboard/summary | status=200 | ip=testclient | 18.78ms
2026-07-28T19:39:14 | INFO     | httpx | HTTP Request: GET http://testserver/api/dashboard/summary "HTTP/1.1 200 OK"
2026-07-28T19:39:14 | INFO     | CloudVulnEngine | [2e5053bd] GET /api/scans | status=200 | ip=testclient | 5.57ms
2026-07-28T19:39:14 | INFO     | httpx | HTTP Request: GET http://testserver/api/scans "HTTP/1.1 200 OK"
2026-07-28T19:39:52 | INFO     | CloudVulnEngine | [a386dac2] GET /api/health | status=200 | ip=testclient | 2.04ms
2026-07-28T19:39:52 | INFO     | httpx | HTTP Request: GET http://testserver/api/health "HTTP/1.1 200 OK"
